Warning: can't parse 'out': ignored

Note: No compatibility mode selected!


Circuit: * ngspice 47 installation smoke test; not a project circuit

Doing analysis at TEMP = 27.000000 and TNOM = 27.000000

Using SPARSE 1.3 as Direct Linear Solver

No. of Data Rows : 1
	Node                                  Voltage
	----                                  -------
	----	-------
	out                              5.000000e+00
	in                               1.000000e+01

	Source	Current
	------	-------

	v1#branch                        -5.00000e-03

 Resistor models (Simple linear resistor)
      model                     R

        rsh                     0
     narrow                     0
      short                     0
        tc1                     0
        tc2                     0
        tce                     0
       defw                 1e-05
          l                 1e-05
         kf                     0
         af                     0
          r                     0
     bv_max                 1e+99
         lf                     1
         wf                     1
         ef                     1

 Resistor: Simple linear resistor
     device                    r2                    r1
      model                     R                     R
 resistance                  1000                  1000
         ac                  1000                  1000
      dtemp                     0                     0
     bv_max                 1e+99                 1e+99
      noisy                     1                     1
          i                 0.005                 0.005
          p                 0.025                 0.025

 Vsource: Independent voltage source
     device                    v1
         dc                    10
      acmag                     0
      pulse                     -
        sin                     -
        exp                     -
        pwl                     -
       sffm                     -
         am                     -
    trnoise                     -
   trrandom                     -
    portnum                     0
         z0                     0
        pwr                     0
       freq                     0
      phase                     0
          i                -0.005
          p                 -0.05

          * ngspice 47 installation smoke test; not a project circuit
          Operating Point  Sat Aug 15 15:23:05  2026
--------------------------------------------------------------------------------
Index   v(out)          
--------------------------------------------------------------------------------
0	5.000000e+00	


Total analysis time (seconds) = 0.0016553

Total elapsed time (seconds) = 0.093 

Total DRAM available = 32436.148 MB.
DRAM currently available = 10282.012 MB.
Maximum ngspice program size =    9.930 MB.
Current ngspice program size =    9.930 MB.

